Startpoint: wr_en (input port clocked by clk)
Endpoint: _0865_ (rising edge-triggered flip-flop clocked by clk)
Path Group: clk
Path Type: max

  Delay    Time   Description
---------------------------------------------------------
   0.00    0.00   clock clk (rise edge)
   0.00    0.00   clock network delay (propagated)
   2.00    2.00 ^ input external delay
   0.02    2.02 ^ wr_en (in)
   0.07    2.09 v _0426_/Y (sky130_fd_sc_hd__clkinv_1)
   1.63    3.72 ^ _0434_/Y (sky130_fd_sc_hd__a211oi_1)
   0.89    4.62 v _0771_/Y (sky130_fd_sc_hd__nand3_1)
   0.46    5.08 ^ _0775_/Y (sky130_fd_sc_hd__o21ai_0)
   0.00    5.08 ^ _0865_/D (sky130_fd_sc_hd__dfxtp_1)
           5.08   data arrival time

  10.00   10.00   clock clk (rise edge)
   0.00   10.00   clock source latency
   0.00   10.00 ^ clk (in)
   0.20   10.20 ^ clkbuf_0_clk/X (sky130_fd_sc_hd__clkbuf_16)
   0.18   10.38 ^ clkbuf_4_13_0_clk/X (sky130_fd_sc_hd__clkbuf_16)
   0.00   10.38 ^ _0865_/CLK (sky130_fd_sc_hd__dfxtp_1)
  -0.20   10.18   clock uncertainty
   0.00   10.18   clock reconvergence pessimism
  -0.11   10.08   library setup time
          10.08   data required time
---------------------------------------------------------
          10.08   data required time
          -5.08   data arrival time
---------------------------------------------------------
           5.00   slack (MET)


