Startpoint: wr_en (input port clocked by clk)
Endpoint: _0865_ (rising edge-triggered flip-flop clocked by clk)
Path Group: clk
Path Type: max

  Delay    Time   Description
---------------------------------------------------------
   0.00    0.00   clock clk (rise edge)
   0.00    0.00   clock network delay (propagated)
   2.00    2.00 ^ input external delay
   0.02    2.02 ^ wr_en (in)
   0.08    2.10 v _0426_/Y (sky130_fd_sc_hd__clkinv_1)
   1.71    3.81 ^ _0434_/Y (sky130_fd_sc_hd__a211oi_1)
   0.94    4.75 v _0771_/Y (sky130_fd_sc_hd__nand3_1)
   0.48    5.23 ^ _0775_/Y (sky130_fd_sc_hd__o21ai_0)
   0.00    5.23 ^ _0865_/D (sky130_fd_sc_hd__dfxtp_1)
           5.23   data arrival time

  10.00   10.00   clock clk (rise edge)
   0.00   10.00   clock source latency
   0.00   10.00 ^ clk (in)
   0.19   10.19 ^ clkbuf_0_clk/X (sky130_fd_sc_hd__clkbuf_16)
   0.17   10.36 ^ clkbuf_4_13_0_clk/X (sky130_fd_sc_hd__clkbuf_16)
   0.00   10.37 ^ _0865_/CLK (sky130_fd_sc_hd__dfxtp_1)
  -0.20   10.17   clock uncertainty
   0.00   10.17   clock reconvergence pessimism
  -0.11   10.06   library setup time
          10.06   data required time
---------------------------------------------------------
          10.06   data required time
          -5.23   data arrival time
---------------------------------------------------------
           4.83   slack (MET)


